jaywo@LAPTOP-J1IPTBVN MINGW64 ~/Desktop/my app
$ touch index.html

jaywo@LAPTOP-J1IPTBVN MINGW64 ~/Desktop/my app
$ touch app.js

jaywo@LAPTOP-J1IPTBVN MINGW64 ~/Desktop/my app
$ git init
Initialized empty Git repository in C:/Users/jaywo/Desktop/my app/.git/

jaywo@LAPTOP-J1IPTBVN MINGW64 ~/Desktop/my app (master)
$ git config --global user.name 'Jaywon Han'

jaywo@LAPTOP-J1IPTBVN MINGW64 ~/Desktop/my app (master)
$ git config --global user.email 'me@jaywonhan.com'

jaywo@LAPTOP-J1IPTBVN MINGW64 ~/Desktop/my app (master)
$ git add index.html

jaywo@LAPTOP-J1IPTBVN MINGW64 ~/Desktop/my app (master)
$ git status
On branch master

No commits yet

Changes to be committed:
  (use "git rm --cached <file>..." to unstage)
        new file:   index.html

Untracked files:
  (use "git add <file>..." to include in what will be committed)
        app.js


jaywo@LAPTOP-J1IPTBVN MINGW64 ~/Desktop/my app (master)
$

